   ------------------------------------------------------------------
  | Welcome to ROOT 6.30/04                        https://root.cern |
  | (c) 1995-2024, The ROOT Team; conception: R. Brun, F. Rademakers |
  | Built for linuxx8664gcc on May 19 2025, 19:43:42                 |
  | From heads/master@tags/v6-30-04                                  |
  | With c++ (GCC) 11.5.0 20240719 (Red Hat 11.5.0-5)                |
  | Try '.help'/'.?', '.demo', '.license', '.credits', '.quit'/'.q'  |
   ------------------------------------------------------------------


Processing Fun4All.C(5846, 1916100, "/seaquest/users/vsloken/displaced_rereco/e1039-analysis/RecoData2024/work_reco/scratch/reco/run_005846/spill_001916100/in/run_005846_spill_001916100_spin.root", "run_005846_spill_001916100_spin_reco.root", 0)...
In file included from input_line_8:1:
/seaquest/users/vsloken/displaced_rereco/e1039-analysis/RecoData2024/work_reco/Fun4All.C:6:10: fatal error: 'AnaModule.h' file not found
#include "AnaModule.h"
         ^~~~~~~~~~~~~
Error in <TInterpreter::TCling::AutoLoad>: failure loading library libcoreRootDict.so for genfit::Track
Error in <TInterpreter::TCling::AutoLoad>: failure loading library libcoreRootDict.so for genfit::AbsTrackRep
Error in <TInterpreter::TCling::AutoLoad>: failure loading library libcoreRootDict.so for MeasurementOnPlane.h
Error in <TInterpreter::TCling::AutoLoad>: failure loading library libcoreRootDict.so for MeasuredStateOnPlane.h
Error in <TInterpreter::TCling::AutoLoad>: failure loading library libcoreRootDict.so for StateOnPlane.h
Error in <TInterpreter::TCling::AutoLoad>: failure loading library libcoreRootDict.so for SharedPlanePtr.h
Error in <TInterpreter::TCling::AutoLoad>: failure loading library libcoreRootDict.so for DetPlane.h
Error in <TInterpreter::TCling::AutoLoad>: failure loading library libcoreRootDict.so for genfit::AbsFinitePlane
Error in <TInterpreter::TCling::AutoLoad>: failure loading library libcoreRootDict.so for genfit::DetPlane
Error in <TInterpreter::TCling::AutoLoad>: failure loading library libcoreRootDict.so for genfit::SharedPlanePtrCreator
Error in <TInterpreter::TCling::AutoLoad>: failure loading library libcoreRootDict.so for AbsTrackRep.h
Error in <TInterpreter::TCling::AutoLoad>: failure loading library libcoreRootDict.so for SharedPlanePtr.h
Error in <TInterpreter::TCling::AutoLoad>: failure loading library libcoreRootDict.so for Material.h
Error in <TInterpreter::TCling::AutoLoad>: failure loading library libcoreRootDict.so for genfit::Material
Error in <TInterpreter::TCling::AutoLoad>: failure loading library libcoreRootDict.so for genfit::StateOnPlane
Error in <TInterpreter::TCling::AutoLoad>: failure loading library libcoreRootDict.so for genfit::MeasuredStateOnPlane
Error in <TInterpreter::TCling::AutoLoad>: failure loading library libcoreRootDict.so for genfit::AbsMeasurement
Error in <TInterpreter::TCling::AutoLoad>: failure loading library libcoreRootDict.so for AbsTrackRep.h
Error in <TInterpreter::TCling::AutoLoad>: failure loading library libcoreRootDict.so for AbsHMatrix.h
Error in <TInterpreter::TCling::AutoLoad>: failure loading library libcoreRootDict.so for genfit::AbsHMatrix
Error in <TInterpreter::TCling::AutoLoad>: failure loading library libcoreRootDict.so for genfit::MeasurementOnPlane
Error in <TInterpreter::TCling::AutoLoad>: failure loading library libcoreRootDict.so for TrackPoint.h
Error in <TInterpreter::TCling::AutoLoad>: failure loading library libcoreRootDict.so for MeasurementOnPlane.h
Error in <TInterpreter::TCling::AutoLoad>: failure loading library libcoreRootDict.so for AbsHMatrix.h
Error in <TInterpreter::TCling::AutoLoad>: failure loading library libcoreRootDict.so for genfit::TrackPoint
Error in <TInterpreter::TCling::AutoLoad>: failure loading library libcoreRootDict.so for MeasurementOnPlane.h
Error in <TInterpreter::TCling::AutoLoad>: failure loading library libcoreRootDict.so for FitStatus.h
Error in <TInterpreter::TCling::AutoLoad>: failure loading library libcoreRootDict.so for genfit::PruneFlags
Error in <TInterpreter::TCling::AutoLoad>: failure loading library libcoreRootDict.so for genfit::FitStatus
Error in <TInterpreter::TCling::AutoLoad>: failure loading library libcoreRootDict.so for genfit::AbsFitterInfo
Error in <TInterpreter::TCling::AutoLoad>: failure loading library libcoreRootDict.so for SharedPlanePtr.h
Error in <TInterpreter::TCling::AutoLoad>: failure loading library libcoreRootDict.so for Material.h
Error in <TInterpreter::TCling::AutoLoad>: failure loading library libcoreRootDict.so for genfit::ThinScatterer
Error in <TInterpreter::TCling::AutoLoad>: failure loading library libfittersRootDict.so for genfit::KalmanFitterInfo
Error in <TInterpreter::TCling::AutoLoad>: failure loading library libfittersRootDict.so for genfit::AbsKalmanFitter
Error in <TInterpreter::TCling::AutoLoad>: failure loading library libcoreRootDict.so for AbsTrackRep.h
Error in <TInterpreter::TCling::AutoLoad>: failure loading library libcoreRootDict.so for FitStatus.h
Error in <TInterpreter::TCling::AutoLoad>: failure loading library libcoreRootDict.so for TrackCand.h
Error in <TInterpreter::TCling::AutoLoad>: failure loading library libcoreRootDict.so for TrackCandHit.h
Error in <TInterpreter::TCling::AutoLoad>: failure loading library libcoreRootDict.so for genfit::TrackCandHit
Error in <TInterpreter::TCling::AutoLoad>: failure loading library libcoreRootDict.so for genfit::TrackCand
Error in <TInterpreter::TCling::AutoLoad>: failure loading library libcoreRootDict.so for TrackCand.h
Error in <TInterpreter::TCling::AutoLoad>: failure loading library libcoreRootDict.so for TrackCand.h
Error in <TInterpreter::TCling::AutoLoad>: failure loading library libcoreRootDict.so for TrackPoint.h
Error in <TInterpreter::TCling::AutoLoad>: failure loading library libfittersRootDict.so for genfit::KalmanFitStatus
Error in <TInterpreter::TCling::AutoLoad>: failure loading library libeventDisplayRootDict.so for genfit::EventDisplay
Error in <TInterpreter::TCling::AutoLoad>: failure loading library libcoreRootDict.so for AbsHMatrix.h
Error in <TInterpreter::TCling::AutoLoad>: failure loading library libcoreRootDict.so for MeasurementOnPlane.h
Error in <TInterpreter::TCling::AutoLoad>: failure loading library libmeasurementsRootDict.so for genfit::WireMeasurement
Warning in <TInterpreter::TCling::RegisterModule>: Problems in compiling forward declarations for module PHFlag_Dict: '
#line 1 "PHFlag_Dict dictionary forward declarations' payload"
#pragma clang diagnostic ignored "-Wkeyword-compat"
#pragma clang diagnostic ignored "-Wignored-attributes"
#pragma clang diagnostic ignored "-Wreturn-type-c-linkage"
extern int __Cling_AutoLoading_Map;
class PHFlag;
'
Warning in <TInterpreter::TCling::RegisterModule>: Problems in compiling forward declarations for module PHMessage_Dict: '
#line 1 "PHMessage_Dict dictionary forward declarations' payload"
#pragma clang diagnostic ignored "-Wkeyword-compat"
#pragma clang diagnostic ignored "-Wignored-attributes"
#pragma clang diagnostic ignored "-Wreturn-type-c-linkage"
extern int __Cling_AutoLoading_Map;
'
Warning in <TInterpreter::TCling::RegisterModule>: Problems in compiling forward declarations for module PHObject_Dict: '
#line 1 "PHObject_Dict dictionary forward declarations' payload"
#pragma clang diagnostic ignored "-Wkeyword-compat"
#pragma clang diagnostic ignored "-Wignored-attributes"
#pragma clang diagnostic ignored "-Wreturn-type-c-linkage"
extern int __Cling_AutoLoading_Map;
class PHObject;
'
Warning in <TInterpreter::TCling::RegisterModule>: Problems in compiling forward declarations for module PHRandomSeed_Dict: '
#line 1 "PHRandomSeed_Dict dictionary forward declarations' payload"
#pragma clang diagnostic ignored "-Wkeyword-compat"
#pragma clang diagnostic ignored "-Wignored-attributes"
#pragma clang diagnostic ignored "-Wreturn-type-c-linkage"
extern int __Cling_AutoLoading_Map;
class PHRandomSeed;
'
Warning in <TInterpreter::TCling::RegisterModule>: Problems in compiling forward declarations for module PHTimeServer_Dict: '
#line 1 "PHTimeServer_Dict dictionary forward declarations' payload"
#pragma clang diagnostic ignored "-Wkeyword-compat"
#pragma clang diagnostic ignored "-Wignored-attributes"
#pragma clang diagnostic ignored "-Wreturn-type-c-linkage"
extern int __Cling_AutoLoading_Map;
class PHTimeServer;
'
Warning in <TInterpreter::TCling::RegisterModule>: Problems in compiling forward declarations for module PHTimeStamp_Dict: '
#line 1 "PHTimeStamp_Dict dictionary forward declarations' payload"
#pragma clang diagnostic ignored "-Wkeyword-compat"
#pragma clang diagnostic ignored "-Wignored-attributes"
#pragma clang diagnostic ignored "-Wreturn-type-c-linkage"
extern int __Cling_AutoLoading_Map;
class PHTimeStamp;
'
Warning in <TInterpreter::TCling::RegisterModule>: Problems in compiling forward declarations for module recoConsts_Dict: '
#line 1 "recoConsts_Dict dictionary forward declarations' payload"
#pragma clang diagnostic ignored "-Wkeyword-compat"
#pragma clang diagnostic ignored "-Wignored-attributes"
#pragma clang diagnostic ignored "-Wreturn-type-c-linkage"
extern int __Cling_AutoLoading_Map;
class recoConsts;
'
Warning in <TInterpreter::TCling::RegisterModule>: Problems in compiling forward declarations for module SQCalHit_v1_Dict: '
#line 1 "SQCalHit_v1_Dict dictionary forward declarations' payload"
#pragma clang diagnostic ignored "-Wkeyword-compat"
#pragma clang diagnostic ignored "-Wignored-attributes"
#pragma clang diagnostic ignored "-Wreturn-type-c-linkage"
extern int __Cling_AutoLoading_Map;
class SQCalHit_v1;
'
Warning in <TInterpreter::TCling::RegisterModule>: Problems in compiling forward declarations for module SQCalMCHit_v1_Dict: '
#line 1 "SQCalMCHit_v1_Dict dictionary forward declarations' payload"
#pragma clang diagnostic ignored "-Wkeyword-compat"
#pragma clang diagnostic ignored "-Wignored-attributes"
#pragma clang diagnostic ignored "-Wreturn-type-c-linkage"
extern int __Cling_AutoLoading_Map;
class SQCalMCHit_v1;
'
Warning in <TInterpreter::TCling::RegisterModule>: Problems in compiling forward declarations for module SQDimuon_Dict: '
#line 1 "SQDimuon_Dict dictionary forward declarations' payload"
#pragma clang diagnostic ignored "-Wkeyword-compat"
#pragma clang diagnostic ignored "-Wignored-attributes"
#pragma clang diagnostic ignored "-Wreturn-type-c-linkage"
extern int __Cling_AutoLoading_Map;
class SQDimuon;
'
Warning in <TInterpreter::TCling::RegisterModule>: Problems in compiling forward declarations for module SQDimuonVector_Dict: '
#line 1 "SQDimuonVector_Dict dictionary forward declarations' payload"
#pragma clang diagnostic ignored "-Wkeyword-compat"
#pragma clang diagnostic ignored "-Wignored-attributes"
#pragma clang diagnostic ignored "-Wreturn-type-c-linkage"
extern int __Cling_AutoLoading_Map;
class SQDimuonVector;
'
Warning in <TInterpreter::TCling::RegisterModule>: Problems in compiling forward declarations for module SQDimuonVector_v1_Dict: '
#line 1 "SQDimuonVector_v1_Dict dictionary forward declarations' payload"
#pragma clang diagnostic ignored "-Wkeyword-compat"
#pragma clang diagnostic ignored "-Wignored-attributes"
#pragma clang diagnostic ignored "-Wreturn-type-c-linkage"
extern int __Cling_AutoLoading_Map;
class SQDimuonVector_v1;
'
Warning in <TInterpreter::TCling::RegisterModule>: Problems in compiling forward declarations for module SQDimuon_v1_Dict: '
#line 1 "SQDimuon_v1_Dict dictionary forward declarations' payload"
#pragma clang diagnostic ignored "-Wkeyword-compat"
#pragma clang diagnostic ignored "-Wignored-attributes"
#pragma clang diagnostic ignored "-Wreturn-type-c-linkage"
extern int __Cling_AutoLoading_Map;
class SQDimuon_v1;
'
Warning in <TInterpreter::TCling::RegisterModule>: Problems in compiling forward declarations for module SQEvent_Dict: '
#line 1 "SQEvent_Dict dictionary forward declarations' payload"
#pragma clang diagnostic ignored "-Wkeyword-compat"
#pragma clang diagnostic ignored "-Wignored-attributes"
#pragma clang diagnostic ignored "-Wreturn-type-c-linkage"
extern int __Cling_AutoLoading_Map;
class SQEvent;
'
Warning in <TInterpreter::TCling::RegisterModule>: Problems in compiling forward declarations for module SQEvent_v1_Dict: '
#line 1 "SQEvent_v1_Dict dictionary forward declarations' payload"
#pragma clang diagnostic ignored "-Wkeyword-compat"
#pragma clang diagnostic ignored "-Wignored-attributes"
#pragma clang diagnostic ignored "-Wreturn-type-c-linkage"
extern int __Cling_AutoLoading_Map;
class SQEvent_v1;
'
Warning in <TInterpreter::TCling::RegisterModule>: Problems in compiling forward declarations for module SQEvent_v2_Dict: '
#line 1 "SQEvent_v2_Dict dictionary forward declarations' payload"
#pragma clang diagnostic ignored "-Wkeyword-compat"
#pragma clang diagnostic ignored "-Wignored-attributes"
#pragma clang diagnostic ignored "-Wreturn-type-c-linkage"
extern int __Cling_AutoLoading_Map;
class SQEvent_v2;
'
Warning in <TInterpreter::TCling::RegisterModule>: Problems in compiling forward declarations for module SQHardEvent_Dict: '
#line 1 "SQHardEvent_Dict dictionary forward declarations' payload"
#pragma clang diagnostic ignored "-Wkeyword-compat"
#pragma clang diagnostic ignored "-Wignored-attributes"
#pragma clang diagnostic ignored "-Wreturn-type-c-linkage"
extern int __Cling_AutoLoading_Map;
class SQHardEvent;
'
Warning in <TInterpreter::TCling::RegisterModule>: Problems in compiling forward declarations for module SQHardEvent_v1_Dict: '
#line 1 "SQHardEvent_v1_Dict dictionary forward declarations' payload"
#pragma clang diagnostic ignored "-Wkeyword-compat"
#pragma clang diagnostic ignored "-Wignored-attributes"
#pragma clang diagnostic ignored "-Wreturn-type-c-linkage"
extern int __Cling_AutoLoading_Map;
class SQHardEvent_v1;
'
Warning in <TInterpreter::TCling::RegisterModule>: Problems in compiling forward declarations for module SQHardSpill_Dict: '
#line 1 "SQHardSpill_Dict dictionary forward declarations' payload"
#pragma clang diagnostic ignored "-Wkeyword-compat"
#pragma clang diagnostic ignored "-Wignored-attributes"
#pragma clang diagnostic ignored "-Wreturn-type-c-linkage"
extern int __Cling_AutoLoading_Map;
class SQHardSpill;
'
Warning in <TInterpreter::TCling::RegisterModule>: Problems in compiling forward declarations for module SQHardSpill_v1_Dict: '
#line 1 "SQHardSpill_v1_Dict dictionary forward declarations' payload"
#pragma clang diagnostic ignored "-Wkeyword-compat"
#pragma clang diagnostic ignored "-Wignored-attributes"
#pragma clang diagnostic ignored "-Wreturn-type-c-linkage"
extern int __Cling_AutoLoading_Map;
class SQHardSpill_v1;
'
Warning in <TInterpreter::TCling::RegisterModule>: Problems in compiling forward declarations for module SQHit_Dict: '
#line 1 "SQHit_Dict dictionary forward declarations' payload"
#pragma clang diagnostic ignored "-Wkeyword-compat"
#pragma clang diagnostic ignored "-Wignored-attributes"
#pragma clang diagnostic ignored "-Wreturn-type-c-linkage"
extern int __Cling_AutoLoading_Map;
class SQHit;
'
Warning in <TInterpreter::TCling::RegisterModule>: Problems in compiling forward declarations for module SQHitMap_Dict: '
#line 1 "SQHitMap_Dict dictionary forward declarations' payload"
#pragma clang diagnostic ignored "-Wkeyword-compat"
#pragma clang diagnostic ignored "-Wignored-attributes"
#pragma clang diagnostic ignored "-Wreturn-type-c-linkage"
extern int __Cling_AutoLoading_Map;
class SQHitMap;
'
Warning in <TInterpreter::TCling::RegisterModule>: Problems in compiling forward declarations for module SQHitMap_v1_Dict: '
#line 1 "SQHitMap_v1_Dict dictionary forward declarations' payload"
#pragma clang diagnostic ignored "-Wkeyword-compat"
#pragma clang diagnostic ignored "-Wignored-attributes"
#pragma clang diagnostic ignored "-Wreturn-type-c-linkage"
extern int __Cling_AutoLoading_Map;
class SQHitMap_v1;
'
Warning in <TInterpreter::TCling::RegisterModule>: Problems in compiling forward declarations for module SQHitVector_Dict: '
#line 1 "SQHitVector_Dict dictionary forward declarations' payload"
#pragma clang diagnostic ignored "-Wkeyword-compat"
#pragma clang diagnostic ignored "-Wignored-attributes"
#pragma clang diagnostic ignored "-Wreturn-type-c-linkage"
extern int __Cling_AutoLoading_Map;
class SQHitVector;
'
Warning in <TInterpreter::TCling::RegisterModule>: Problems in compiling forward declarations for module SQHitVector_v1_Dict: '
#line 1 "SQHitVector_v1_Dict dictionary forward declarations' payload"
#pragma clang diagnostic ignored "-Wkeyword-compat"
#pragma clang diagnostic ignored "-Wignored-attributes"
#pragma clang diagnostic ignored "-Wreturn-type-c-linkage"
extern int __Cling_AutoLoading_Map;
class SQHitVector_v1;
'
Warning in <TInterpreter::TCling::RegisterModule>: Problems in compiling forward declarations for module SQHit_v1_Dict: '
#line 1 "SQHit_v1_Dict dictionary forward declarations' payload"
#pragma clang diagnostic ignored "-Wkeyword-compat"
#pragma clang diagnostic ignored "-Wignored-attributes"
#pragma clang diagnostic ignored "-Wreturn-type-c-linkage"
extern int __Cling_AutoLoading_Map;
class SQHit_v1;
'
Warning in <TInterpreter::TCling::RegisterModule>: Problems in compiling forward declarations for module SQIntMap_Dict: '
#line 1 "SQIntMap_Dict dictionary forward declarations' payload"
#pragma clang diagnostic ignored "-Wkeyword-compat"
#pragma clang diagnostic ignored "-Wignored-attributes"
#pragma clang diagnostic ignored "-Wreturn-type-c-linkage"
extern int __Cling_AutoLoading_Map;
class SQIntMap;
'
Warning in <TInterpreter::TCling::RegisterModule>: Problems in compiling forward declarations for module SQIntMap_v1_Dict: '
#line 1 "SQIntMap_v1_Dict dictionary forward declarations' payload"
#pragma clang diagnostic ignored "-Wkeyword-compat"
#pragma clang diagnostic ignored "-Wignored-attributes"
#pragma clang diagnostic ignored "-Wreturn-type-c-linkage"
extern int __Cling_AutoLoading_Map;
class SQIntMap_v1;
'
Warning in <TInterpreter::TCling::RegisterModule>: Problems in compiling forward declarations for module SQMCEvent_Dict: '
#line 1 "SQMCEvent_Dict dictionary forward declarations' payload"
#pragma clang diagnostic ignored "-Wkeyword-compat"
#pragma clang diagnostic ignored "-Wignored-attributes"
#pragma clang diagnostic ignored "-Wreturn-type-c-linkage"
extern int __Cling_AutoLoading_Map;
class SQMCEvent;
'
Warning in <TInterpreter::TCling::RegisterModule>: Problems in compiling forward declarations for module SQMCEvent_v1_Dict: '
#line 1 "SQMCEvent_v1_Dict dictionary forward declarations' payload"
#pragma clang diagnostic ignored "-Wkeyword-compat"
#pragma clang diagnostic ignored "-Wignored-attributes"
#pragma clang diagnostic ignored "-Wreturn-type-c-linkage"
extern int __Cling_AutoLoading_Map;
class SQMCEvent_v1;
'
Warning in <TInterpreter::TCling::RegisterModule>: Problems in compiling forward declarations for module SQMCHit_v1_Dict: '
#line 1 "SQMCHit_v1_Dict dictionary forward declarations' payload"
#pragma clang diagnostic ignored "-Wkeyword-compat"
#pragma clang diagnostic ignored "-Wignored-attributes"
#pragma clang diagnostic ignored "-Wreturn-type-c-linkage"
extern int __Cling_AutoLoading_Map;
class SQMCHit_v1;
'
Warning in <TInterpreter::TCling::RegisterModule>: Problems in compiling forward declarations for module SQParamDeco_Dict: '
#line 1 "SQParamDeco_Dict dictionary forward declarations' payload"
#pragma clang diagnostic ignored "-Wkeyword-compat"
#pragma clang diagnostic ignored "-Wignored-attributes"
#pragma clang diagnostic ignored "-Wreturn-type-c-linkage"
extern int __Cling_AutoLoading_Map;
class SQParamDeco;
'
Warning in <TInterpreter::TCling::RegisterModule>: Problems in compiling forward declarations for module SQParamDeco_v1_Dict: '
#line 1 "SQParamDeco_v1_Dict dictionary forward declarations' payload"
#pragma clang diagnostic ignored "-Wkeyword-compat"
#pragma clang diagnostic ignored "-Wignored-attributes"
#pragma clang diagnostic ignored "-Wreturn-type-c-linkage"
extern int __Cling_AutoLoading_Map;
class SQParamDeco_v1;
'
Warning in <TInterpreter::TCling::RegisterModule>: Problems in compiling forward declarations for module SQRun_Dict: '
#line 1 "SQRun_Dict dictionary forward declarations' payload"
#pragma clang diagnostic ignored "-Wkeyword-compat"
#pragma clang diagnostic ignored "-Wignored-attributes"
#pragma clang diagnostic ignored "-Wreturn-type-c-linkage"
extern int __Cling_AutoLoading_Map;
class SQRun;
'
Warning in <TInterpreter::TCling::RegisterModule>: Problems in compiling forward declarations for module SQRun_v1_Dict: '
#line 1 "SQRun_v1_Dict dictionary forward declarations' payload"
#pragma clang diagnostic ignored "-Wkeyword-compat"
#pragma clang diagnostic ignored "-Wignored-attributes"
#pragma clang diagnostic ignored "-Wreturn-type-c-linkage"
extern int __Cling_AutoLoading_Map;
class SQRun_v1;
'
Warning in <TInterpreter::TCling::RegisterModule>: Problems in compiling forward declarations for module SQRun_v2_Dict: '
#line 1 "SQRun_v2_Dict dictionary forward declarations' payload"
#pragma clang diagnostic ignored "-Wkeyword-compat"
#pragma clang diagnostic ignored "-Wignored-attributes"
#pragma clang diagnostic ignored "-Wreturn-type-c-linkage"
extern int __Cling_AutoLoading_Map;
class SQRun_v2;
'
Warning in <TInterpreter::TCling::RegisterModule>: Problems in compiling forward declarations for module SQScaler_Dict: '
#line 1 "SQScaler_Dict dictionary forward declarations' payload"
#pragma clang diagnostic ignored "-Wkeyword-compat"
#pragma clang diagnostic ignored "-Wignored-attributes"
#pragma clang diagnostic ignored "-Wreturn-type-c-linkage"
extern int __Cling_AutoLoading_Map;
class SQScaler;
'
Warning in <TInterpreter::TCling::RegisterModule>: Problems in compiling forward declarations for module SQScaler_v1_Dict: '
#line 1 "SQScaler_v1_Dict dictionary forward declarations' payload"
#pragma clang diagnostic ignored "-Wkeyword-compat"
#pragma clang diagnostic ignored "-Wignored-attributes"
#pragma clang diagnostic ignored "-Wreturn-type-c-linkage"
extern int __Cling_AutoLoading_Map;
class SQScaler_v1;
'
Warning in <TInterpreter::TCling::RegisterModule>: Problems in compiling forward declarations for module SQSlowCont_Dict: '
#line 1 "SQSlowCont_Dict dictionary forward declarations' payload"
#pragma clang diagnostic ignored "-Wkeyword-compat"
#pragma clang diagnostic ignored "-Wignored-attributes"
#pragma clang diagnostic ignored "-Wreturn-type-c-linkage"
extern int __Cling_AutoLoading_Map;
class SQSlowCont;
'
Warning in <TInterpreter::TCling::RegisterModule>: Problems in compiling forward declarations for module SQSlowCont_v1_Dict: '
#line 1 "SQSlowCont_v1_Dict dictionary forward declarations' payload"
#pragma clang diagnostic ignored "-Wkeyword-compat"
#pragma clang diagnostic ignored "-Wignored-attributes"
#pragma clang diagnostic ignored "-Wreturn-type-c-linkage"
extern int __Cling_AutoLoading_Map;
class SQSlowCont_v1;
'
Warning in <TInterpreter::TCling::RegisterModule>: Problems in compiling forward declarations for module SQSpill_Dict: '
#line 1 "SQSpill_Dict dictionary forward declarations' payload"
#pragma clang diagnostic ignored "-Wkeyword-compat"
#pragma clang diagnostic ignored "-Wignored-attributes"
#pragma clang diagnostic ignored "-Wreturn-type-c-linkage"
extern int __Cling_AutoLoading_Map;
class SQSpill;
'
Warning in <TInterpreter::TCling::RegisterModule>: Problems in compiling forward declarations for module SQSpillMap_Dict: '
#line 1 "SQSpillMap_Dict dictionary forward declarations' payload"
#pragma clang diagnostic ignored "-Wkeyword-compat"
#pragma clang diagnostic ignored "-Wignored-attributes"
#pragma clang diagnostic ignored "-Wreturn-type-c-linkage"
extern int __Cling_AutoLoading_Map;
class SQSpillMap;
'
Warning in <TInterpreter::TCling::RegisterModule>: Problems in compiling forward declarations for module SQSpillMap_v1_Dict: '
#line 1 "SQSpillMap_v1_Dict dictionary forward declarations' payload"
#pragma clang diagnostic ignored "-Wkeyword-compat"
#pragma clang diagnostic ignored "-Wignored-attributes"
#pragma clang diagnostic ignored "-Wreturn-type-c-linkage"
extern int __Cling_AutoLoading_Map;
class SQSpillMap_v1;
'
Warning in <TInterpreter::TCling::RegisterModule>: Problems in compiling forward declarations for module SQSpill_v1_Dict: '
#line 1 "SQSpill_v1_Dict dictionary forward declarations' payload"
#pragma clang diagnostic ignored "-Wkeyword-compat"
#pragma clang diagnostic ignored "-Wignored-attributes"
#pragma clang diagnostic ignored "-Wreturn-type-c-linkage"
extern int __Cling_AutoLoading_Map;
class SQSpill_v1;
'
Warning in <TInterpreter::TCling::RegisterModule>: Problems in compiling forward declarations for module SQSpill_v2_Dict: '
#line 1 "SQSpill_v2_Dict dictionary forward declarations' payload"
#pragma clang diagnostic ignored "-Wkeyword-compat"
#pragma clang diagnostic ignored "-Wignored-attributes"
#pragma clang diagnostic ignored "-Wreturn-type-c-linkage"
extern int __Cling_AutoLoading_Map;
class SQSpill_v2;
'
Warning in <TInterpreter::TCling::RegisterModule>: Problems in compiling forward declarations for module SQStringMap_Dict: '
#line 1 "SQStringMap_Dict dictionary forward declarations' payload"
#pragma clang diagnostic ignored "-Wkeyword-compat"
#pragma clang diagnostic ignored "-Wignored-attributes"
#pragma clang diagnostic ignored "-Wreturn-type-c-linkage"
extern int __Cling_AutoLoading_Map;
class SQStringMap;
'
Warning in <TInterpreter::TCling::RegisterModule>: Problems in compiling forward declarations for module SQStringMap_v1_Dict: '
#line 1 "SQStringMap_v1_Dict dictionary forward declarations' payload"
#pragma clang diagnostic ignored "-Wkeyword-compat"
#pragma clang diagnostic ignored "-Wignored-attributes"
#pragma clang diagnostic ignored "-Wreturn-type-c-linkage"
extern int __Cling_AutoLoading_Map;
class SQStringMap_v1;
'
Warning in <TInterpreter::TCling::RegisterModule>: Problems in compiling forward declarations for module SQTrack_Dict: '
#line 1 "SQTrack_Dict dictionary forward declarations' payload"
#pragma clang diagnostic ignored "-Wkeyword-compat"
#pragma clang diagnostic ignored "-Wignored-attributes"
#pragma clang diagnostic ignored "-Wreturn-type-c-linkage"
extern int __Cling_AutoLoading_Map;
class SQTrack;
'
Warning in <TInterpreter::TCling::RegisterModule>: Problems in compiling forward declarations for module SQTrackVector_Dict: '
#line 1 "SQTrackVector_Dict dictionary forward declarations' payload"
#pragma clang diagnostic ignored "-Wkeyword-compat"
#pragma clang diagnostic ignored "-Wignored-attributes"
#pragma clang diagnostic ignored "-Wreturn-type-c-linkage"
extern int __Cling_AutoLoading_Map;
class SQTrackVector;
'
Warning in <TInterpreter::TCling::RegisterModule>: Problems in compiling forward declarations for module SQTrackVector_v1_Dict: '
#line 1 "SQTrackVector_v1_Dict dictionary forward declarations' payload"
#pragma clang diagnostic ignored "-Wkeyword-compat"
#pragma clang diagnostic ignored "-Wignored-attributes"
#pragma clang diagnostic ignored "-Wreturn-type-c-linkage"
extern int __Cling_AutoLoading_Map;
class SQTrackVector_v1;
'
Warning in <TInterpreter::TCling::RegisterModule>: Problems in compiling forward declarations for module SQTrack_v1_Dict: '
#line 1 "SQTrack_v1_Dict dictionary forward declarations' payload"
#pragma clang diagnostic ignored "-Wkeyword-compat"
#pragma clang diagnostic ignored "-Wignored-attributes"
#pragma clang diagnostic ignored "-Wreturn-type-c-linkage"
extern int __Cling_AutoLoading_Map;
class SQTrack_v1;
'
Warning in <TInterpreter::TCling::RegisterModule>: Problems in compiling forward declarations for module libffaobjects_Dict: '
#line 1 "libffaobjects_Dict dictionary forward declarations' payload"
#pragma clang diagnostic ignored "-Wkeyword-compat"
#pragma clang diagnostic ignored "-Wignored-attributes"
#pragma clang diagnostic ignored "-Wreturn-type-c-linkage"
extern int __Cling_AutoLoading_Map;
class FlagSave;
class FlagSavev1;
class RunHeader;
class SyncObject;
class SyncObjectv1;
class SyncObjectv2;
class EventHeader;
class EventHeaderv1;
'
Warning in <TInterpreter::TCling::RegisterModule>: Problems in compiling forward declarations for module SubsysReco_Dict: '
#line 1 "SubsysReco_Dict dictionary forward declarations' payload"
#pragma clang diagnostic ignored "-Wkeyword-compat"
#pragma clang diagnostic ignored "-Wignored-attributes"
#pragma clang diagnostic ignored "-Wreturn-type-c-linkage"
extern int __Cling_AutoLoading_Map;
class Fun4AllBase;
class SubsysReco;
'
Warning in <TInterpreter::TCling::RegisterModule>: Problems in compiling forward declarations for module Fun4All_Dict: '
#line 1 "Fun4All_Dict dictionary forward declarations' payload"
#pragma clang diagnostic ignored "-Wkeyword-compat"
#pragma clang diagnostic ignored "-Wignored-attributes"
#pragma clang diagnostic ignored "-Wreturn-type-c-linkage"
extern int __Cling_AutoLoading_Map;
class __attribute__((annotate("$clingAutoload$Fun4AllInputManager.h")))  Fun4AllInputManager;
class Fun4AllDstInputManager;
class __attribute__((annotate("$clingAutoload$Fun4AllOutputManager.h")))  Fun4AllOutputManager;
class Fun4AllDstOutputManager;
class Fun4AllDummyInputManager;
class Fun4AllHistoManager;
class Fun4AllSyncManager;
class Fun4AllNoSyncDstInputManager;
class Fun4AllServer;
'
Warning in <TInterpreter::TCling::RegisterModule>: Problems in compiling forward declarations for module DbSvc_Dict: '
#line 1 "DbSvc_Dict dictionary forward declarations' payload"
#pragma clang diagnostic ignored "-Wkeyword-compat"
#pragma clang diagnostic ignored "-Wignored-attributes"
#pragma clang diagnostic ignored "-Wreturn-type-c-linkage"
extern int __Cling_AutoLoading_Map;
class DbSvc;
'
Warning in <TInterpreter::TCling::RegisterModule>: Problems in compiling forward declarations for module CalibParamInTimeTaiwan_Dict: '
#line 1 "CalibParamInTimeTaiwan_Dict dictionary forward declarations' payload"
#pragma clang diagnostic ignored "-Wkeyword-compat"
#pragma clang diagnostic ignored "-Wignored-attributes"
#pragma clang diagnostic ignored "-Wreturn-type-c-linkage"
extern int __Cling_AutoLoading_Map;
class CalibParamInTimeTaiwan;
'
Warning in <TInterpreter::TCling::RegisterModule>: Problems in compiling forward declarations for module CalibParamInTimeV1495_Dict: '
#line 1 "CalibParamInTimeV1495_Dict dictionary forward declarations' payload"
#pragma clang diagnostic ignored "-Wkeyword-compat"
#pragma clang diagnostic ignored "-Wignored-attributes"
#pragma clang diagnostic ignored "-Wreturn-type-c-linkage"
extern int __Cling_AutoLoading_Map;
class CalibParamInTimeV1495;
'
Warning in <TInterpreter::TCling::RegisterModule>: Problems in compiling forward declarations for module CalibParamXT_Dict: '
#line 1 "CalibParamXT_Dict dictionary forward declarations' payload"
#pragma clang diagnostic ignored "-Wkeyword-compat"
#pragma clang diagnostic ignored "-Wignored-attributes"
#pragma clang diagnostic ignored "-Wreturn-type-c-linkage"
extern int __Cling_AutoLoading_Map;
class CalibParamXT;
'
Warning in <TInterpreter::TCling::RegisterModule>: Problems in compiling forward declarations for module ChanMapScaler_Dict: '
#line 1 "ChanMapScaler_Dict dictionary forward declarations' payload"
#pragma clang diagnostic ignored "-Wkeyword-compat"
#pragma clang diagnostic ignored "-Wignored-attributes"
#pragma clang diagnostic ignored "-Wreturn-type-c-linkage"
extern int __Cling_AutoLoading_Map;
class ChanMapScaler;
'
Warning in <TInterpreter::TCling::RegisterModule>: Problems in compiling forward declarations for module ChanMapTaiwan_Dict: '
#line 1 "ChanMapTaiwan_Dict dictionary forward declarations' payload"
#pragma clang diagnostic ignored "-Wkeyword-compat"
#pragma clang diagnostic ignored "-Wignored-attributes"
#pragma clang diagnostic ignored "-Wreturn-type-c-linkage"
extern int __Cling_AutoLoading_Map;
class ChanMapTaiwan;
'
Warning in <TInterpreter::TCling::RegisterModule>: Problems in compiling forward declarations for module ChanMapV1495_Dict: '
#line 1 "ChanMapV1495_Dict dictionary forward declarations' payload"
#pragma clang diagnostic ignored "-Wkeyword-compat"
#pragma clang diagnostic ignored "-Wignored-attributes"
#pragma clang diagnostic ignored "-Wreturn-type-c-linkage"
extern int __Cling_AutoLoading_Map;
class ChanMapV1495;
'
Warning in <TInterpreter::TCling::RegisterModule>: Problems in compiling forward declarations for module GeomParamPlane_Dict: '
#line 1 "GeomParamPlane_Dict dictionary forward declarations' payload"
#pragma clang diagnostic ignored "-Wkeyword-compat"
#pragma clang diagnostic ignored "-Wignored-attributes"
#pragma clang diagnostic ignored "-Wreturn-type-c-linkage"
extern int __Cling_AutoLoading_Map;
class GeomParamPlane;
'
Warning in <TInterpreter::TCling::RegisterModule>: Problems in compiling forward declarations for module GeomSvc_Dict: '
#line 1 "GeomSvc_Dict dictionary forward declarations' payload"
#pragma clang diagnostic ignored "-Wkeyword-compat"
#pragma clang diagnostic ignored "-Wignored-attributes"
#pragma clang diagnostic ignored "-Wreturn-type-c-linkage"
extern int __Cling_AutoLoading_Map;
class GeomSvc;
'
Warning in <TInterpreter::TCling::RegisterModule>: Problems in compiling forward declarations for module RunParamBase_Dict: '
#line 1 "RunParamBase_Dict dictionary forward declarations' payload"
#pragma clang diagnostic ignored "-Wkeyword-compat"
#pragma clang diagnostic ignored "-Wignored-attributes"
#pragma clang diagnostic ignored "-Wreturn-type-c-linkage"
extern int __Cling_AutoLoading_Map;
class ChanMapBase;
class CalibParamBase;
class GeomParamBase;
'
Warning in <TInterpreter::TCling::RegisterModule>: Problems in compiling forward declarations for module UtilAna_Dict: '
#line 1 "UtilAna_Dict dictionary forward declarations' payload"
#pragma clang diagnostic ignored "-Wkeyword-compat"
#pragma clang diagnostic ignored "-Wignored-attributes"
#pragma clang diagnostic ignored "-Wreturn-type-c-linkage"
extern int __Cling_AutoLoading_Map;
class UtilOnline;
'
Warning in <TInterpreter::TCling::RegisterModule>: Problems in compiling forward declarations for module PHGeomIOTGeo_Dict: '
#line 1 "PHGeomIOTGeo_Dict dictionary forward declarations' payload"
#pragma clang diagnostic ignored "-Wkeyword-compat"
#pragma clang diagnostic ignored "-Wignored-attributes"
#pragma clang diagnostic ignored "-Wreturn-type-c-linkage"
extern int __Cling_AutoLoading_Map;
class PHGeomIOTGeo;
'
Warning in <TInterpreter::TCling::RegisterModule>: Problems in compiling forward declarations for module PHFieldConfig_Dict: '
#line 1 "PHFieldConfig_Dict dictionary forward declarations' payload"
#pragma clang diagnostic ignored "-Wkeyword-compat"
#pragma clang diagnostic ignored "-Wignored-attributes"
#pragma clang diagnostic ignored "-Wreturn-type-c-linkage"
extern int __Cling_AutoLoading_Map;
class PHFieldConfig;
'
Warning in <TInterpreter::TCling::RegisterModule>: Problems in compiling forward declarations for module PHFieldConfig_v1_Dict: '
#line 1 "PHFieldConfig_v1_Dict dictionary forward declarations' payload"
#pragma clang diagnostic ignored "-Wkeyword-compat"
#pragma clang diagnostic ignored "-Wignored-attributes"
#pragma clang diagnostic ignored "-Wreturn-type-c-linkage"
extern int __Cling_AutoLoading_Map;
class PHFieldConfig_v1;
'
Warning in <TInterpreter::TCling::RegisterModule>: Problems in compiling forward declarations for module PHFieldConfig_v2_Dict: '
#line 1 "PHFieldConfig_v2_Dict dictionary forward declarations' payload"
#pragma clang diagnostic ignored "-Wkeyword-compat"
#pragma clang diagnostic ignored "-Wignored-attributes"
#pragma clang diagnostic ignored "-Wreturn-type-c-linkage"
extern int __Cling_AutoLoading_Map;
class PHFieldConfig_v2;
'
Warning in <TInterpreter::TCling::RegisterModule>: Problems in compiling forward declarations for module PHFieldConfig_v3_Dict: '
#line 1 "PHFieldConfig_v3_Dict dictionary forward declarations' payload"
#pragma clang diagnostic ignored "-Wkeyword-compat"
#pragma clang diagnostic ignored "-Wignored-attributes"
#pragma clang diagnostic ignored "-Wreturn-type-c-linkage"
extern int __Cling_AutoLoading_Map;
class PHFieldConfig_v3;
'
Warning in <TInterpreter::TCling::RegisterModule>: Problems in compiling forward declarations for module PdbApplication_dict: '
#line 1 "PdbApplication_dict dictionary forward declarations' payload"
#pragma clang diagnostic ignored "-Wkeyword-compat"
#pragma clang diagnostic ignored "-Wignored-attributes"
#pragma clang diagnostic ignored "-Wreturn-type-c-linkage"
extern int __Cling_AutoLoading_Map;
class PdbApplication;
'
Warning in <TInterpreter::TCling::RegisterModule>: Problems in compiling forward declarations for module PdbApplicationFactory_dict: '
#line 1 "PdbApplicationFactory_dict dictionary forward declarations' payload"
#pragma clang diagnostic ignored "-Wkeyword-compat"
#pragma clang diagnostic ignored "-Wignored-attributes"
#pragma clang diagnostic ignored "-Wreturn-type-c-linkage"
extern int __Cling_AutoLoading_Map;
class __attribute__((annotate("$clingAutoload$PdbApplication.h")))  PdbApplication;
template <class AbstractProduct> class __attribute__((annotate("$clingAutoload$PHGenericFactoryT.h")))  DefaultFactoryError;

'
Warning in <TInterpreter::TCling::RegisterModule>: Problems in compiling forward declarations for module PdbBankID_dict: '
#line 1 "PdbBankID_dict dictionary forward declarations' payload"
#pragma clang diagnostic ignored "-Wkeyword-compat"
#pragma clang diagnostic ignored "-Wignored-attributes"
#pragma clang diagnostic ignored "-Wreturn-type-c-linkage"
extern int __Cling_AutoLoading_Map;
class PdbBankID;
'
Warning in <TInterpreter::TCling::RegisterModule>: Problems in compiling forward declarations for module PdbBankListIterator_dict: '
#line 1 "PdbBankListIterator_dict dictionary forward declarations' payload"
#pragma clang diagnostic ignored "-Wkeyword-compat"
#pragma clang diagnostic ignored "-Wignored-attributes"
#pragma clang diagnostic ignored "-Wreturn-type-c-linkage"
extern int __Cling_AutoLoading_Map;
class PdbBankListIterator;
'
Warning in <TInterpreter::TCling::RegisterModule>: Problems in compiling forward declarations for module PdbBankList_dict: '
#line 1 "PdbBankList_dict dictionary forward declarations' payload"
#pragma clang diagnostic ignored "-Wkeyword-compat"
#pragma clang diagnostic ignored "-Wignored-attributes"
#pragma clang diagnostic ignored "-Wreturn-type-c-linkage"
extern int __Cling_AutoLoading_Map;
class PdbBankList;
'
Warning in <TInterpreter::TCling::RegisterModule>: Problems in compiling forward declarations for module PdbBankManager_dict: '
#line 1 "PdbBankManager_dict dictionary forward declarations' payload"
#pragma clang diagnostic ignored "-Wkeyword-compat"
#pragma clang diagnostic ignored "-Wignored-attributes"
#pragma clang diagnostic ignored "-Wreturn-type-c-linkage"
extern int __Cling_AutoLoading_Map;
class PdbBankManager;
'
Warning in <TInterpreter::TCling::RegisterModule>: Problems in compiling forward declarations for module PdbBankManagerFactory_dict: '
#line 1 "PdbBankManagerFactory_dict dictionary forward declarations' payload"
#pragma clang diagnostic ignored "-Wkeyword-compat"
#pragma clang diagnostic ignored "-Wignored-attributes"
#pragma clang diagnostic ignored "-Wreturn-type-c-linkage"
extern int __Cling_AutoLoading_Map;
class __attribute__((annotate("$clingAutoload$PdbBankManager.h")))  PdbBankManager;
template <class AbstractProduct> class DefaultFactoryError;

'
Warning in <TInterpreter::TCling::RegisterModule>: Problems in compiling forward declarations for module PdbCalBank_dict: '
#line 1 "PdbCalBank_dict dictionary forward declarations' payload"
#pragma clang diagnostic ignored "-Wkeyword-compat"
#pragma clang diagnostic ignored "-Wignored-attributes"
#pragma clang diagnostic ignored "-Wreturn-type-c-linkage"
extern int __Cling_AutoLoading_Map;
class PdbCalBank;
'
Warning in <TInterpreter::TCling::RegisterModule>: Problems in compiling forward declarations for module PdbCalBankIterator_dict: '
#line 1 "PdbCalBankIterator_dict dictionary forward declarations' payload"
#pragma clang diagnostic ignored "-Wkeyword-compat"
#pragma clang diagnostic ignored "-Wignored-attributes"
#pragma clang diagnostic ignored "-Wreturn-type-c-linkage"
extern int __Cling_AutoLoading_Map;
class PdbCalBankIterator;
'
Warning in <TInterpreter::TCling::RegisterModule>: Problems in compiling forward declarations for module PdbCalChan_dict: '
#line 1 "PdbCalChan_dict dictionary forward declarations' payload"
#pragma clang diagnostic ignored "-Wkeyword-compat"
#pragma clang diagnostic ignored "-Wignored-attributes"
#pragma clang diagnostic ignored "-Wreturn-type-c-linkage"
extern int __Cling_AutoLoading_Map;
class PdbCalChan;
'
Warning in <TInterpreter::TCling::RegisterModule>: Problems in compiling forward declarations for module PdbParameter_dict: '
#line 1 "PdbParameter_dict dictionary forward declarations' payload"
#pragma clang diagnostic ignored "-Wkeyword-compat"
#pragma clang diagnostic ignored "-Wignored-attributes"
#pragma clang diagnostic ignored "-Wreturn-type-c-linkage"
extern int __Cling_AutoLoading_Map;
class PdbParameter;
'
Warning in <TInterpreter::TCling::RegisterModule>: Problems in compiling forward declarations for module PdbParameterError_dict: '
#line 1 "PdbParameterError_dict dictionary forward declarations' payload"
#pragma clang diagnostic ignored "-Wkeyword-compat"
#pragma clang diagnostic ignored "-Wignored-attributes"
#pragma clang diagnostic ignored "-Wreturn-type-c-linkage"
extern int __Cling_AutoLoading_Map;
class PdbParameterError;
'
Warning in <TInterpreter::TCling::RegisterModule>: Problems in compiling forward declarations for module PdbParameterMap_dict: '
#line 1 "PdbParameterMap_dict dictionary forward declarations' payload"
#pragma clang diagnostic ignored "-Wkeyword-compat"
#pragma clang diagnostic ignored "-Wignored-attributes"
#pragma clang diagnostic ignored "-Wreturn-type-c-linkage"
extern int __Cling_AutoLoading_Map;
class PdbParameterMap;
'
Warning in <TInterpreter::TCling::RegisterModule>: Problems in compiling forward declarations for module PdbParameterMapContainer_dict: '
#line 1 "PdbParameterMapContainer_dict dictionary forward declarations' payload"
#pragma clang diagnostic ignored "-Wkeyword-compat"
#pragma clang diagnostic ignored "-Wignored-attributes"
#pragma clang diagnostic ignored "-Wreturn-type-c-linkage"
extern int __Cling_AutoLoading_Map;
class PdbParameterMapContainer;
'
Warning in <TInterpreter::TCling::RegisterModule>: Problems in compiling forward declarations for module RunToTime_dict: '
#line 1 "RunToTime_dict dictionary forward declarations' payload"
#pragma clang diagnostic ignored "-Wkeyword-compat"
#pragma clang diagnostic ignored "-Wignored-attributes"
#pragma clang diagnostic ignored "-Wreturn-type-c-linkage"
extern int __Cling_AutoLoading_Map;
class RunToTime;
'
Warning in <TInterpreter::TCling::RegisterModule>: Problems in compiling forward declarations for module PHParameterInterface_Dict: '
#line 1 "PHParameterInterface_Dict dictionary forward declarations' payload"
#pragma clang diagnostic ignored "-Wkeyword-compat"
#pragma clang diagnostic ignored "-Wignored-attributes"
#pragma clang diagnostic ignored "-Wreturn-type-c-linkage"
extern int __Cling_AutoLoading_Map;
class PHParameterInterface;
'
Warning in <TInterpreter::TCling::RegisterModule>: Problems in compiling forward declarations for module PHParameters_Dict: '
#line 1 "PHParameters_Dict dictionary forward declarations' payload"
#pragma clang diagnostic ignored "-Wkeyword-compat"
#pragma clang diagnostic ignored "-Wignored-attributes"
#pragma clang diagnostic ignored "-Wreturn-type-c-linkage"
extern int __Cling_AutoLoading_Map;
class PHParameters;
'
Warning in <TInterpreter::TCling::RegisterModule>: Problems in compiling forward declarations for module PHParametersContainer_Dict: '
#line 1 "PHParametersContainer_Dict dictionary forward declarations' payload"
#pragma clang diagnostic ignored "-Wkeyword-compat"
#pragma clang diagnostic ignored "-Wignored-attributes"
#pragma clang diagnostic ignored "-Wreturn-type-c-linkage"
extern int __Cling_AutoLoading_Map;
class PHParametersContainer;
'
Warning in <TInterpreter::TCling::RegisterModule>: Problems in compiling forward declarations for module PHParameterContainerInterface_Dict: '
#line 1 "PHParameterContainerInterface_Dict dictionary forward declarations' payload"
#pragma clang diagnostic ignored "-Wkeyword-compat"
#pragma clang diagnostic ignored "-Wignored-attributes"
#pragma clang diagnostic ignored "-Wreturn-type-c-linkage"
extern int __Cling_AutoLoading_Map;
class PHParameterContainerInterface;
'
Warning in <TInterpreter::TCling::RegisterModule>: Problems in compiling forward declarations for module PHGeomTGeo_Dict: '
#line 1 "PHGeomTGeo_Dict dictionary forward declarations' payload"
#pragma clang diagnostic ignored "-Wkeyword-compat"
#pragma clang diagnostic ignored "-Wignored-attributes"
#pragma clang diagnostic ignored "-Wreturn-type-c-linkage"
extern int __Cling_AutoLoading_Map;
class PHGeomTGeo;
'
Warning in <TInterpreter::TCling::RegisterModule>: Problems in compiling forward declarations for module PHGeomFileImport_Dict: '
#line 1 "PHGeomFileImport_Dict dictionary forward declarations' payload"
#pragma clang diagnostic ignored "-Wkeyword-compat"
#pragma clang diagnostic ignored "-Wignored-attributes"
#pragma clang diagnostic ignored "-Wreturn-type-c-linkage"
extern int __Cling_AutoLoading_Map;
class PHGeomFileImport;
'
Warning in <TInterpreter::TCling::RegisterModule>: Problems in compiling forward declarations for module PHGeomUtility_Dict: '
#line 1 "PHGeomUtility_Dict dictionary forward declarations' payload"
#pragma clang diagnostic ignored "-Wkeyword-compat"
#pragma clang diagnostic ignored "-Wignored-attributes"
#pragma clang diagnostic ignored "-Wreturn-type-c-linkage"
extern int __Cling_AutoLoading_Map;
class PHGeomUtility;
'
Warning in <TInterpreter::TCling::RegisterModule>: Problems in compiling forward declarations for module PHG4Hit_Dict: '
#line 1 "PHG4Hit_Dict dictionary forward declarations' payload"
#pragma clang diagnostic ignored "-Wkeyword-compat"
#pragma clang diagnostic ignored "-Wignored-attributes"
#pragma clang diagnostic ignored "-Wreturn-type-c-linkage"
extern int __Cling_AutoLoading_Map;
class PHG4EventHeader;
class PHG4EventHeaderv1;
class PHG4HitReadBack;
class PHG4Hit;
class PHG4Hitv1;
class PHG4HitEval;
class PHG4HitContainer;
class PHG4InEvent;
class PHG4Shower;
class PHG4Showerv1;
class PHG4Particle;
class PHG4Particlev1;
class PHG4Particlev2;
class PHG4TruthInfoContainer;
class PHG4VtxPoint;
class PHG4VtxPointv1;
'
Warning in <TInterpreter::TCling::RegisterModule>: Problems in compiling forward declarations for module PHHepMC_io_Dict: '
#line 1 "PHHepMC_io_Dict dictionary forward declarations' payload"
#pragma clang diagnostic ignored "-Wkeyword-compat"
#pragma clang diagnostic ignored "-Wignored-attributes"
#pragma clang diagnostic ignored "-Wreturn-type-c-linkage"
extern int __Cling_AutoLoading_Map;
class PHHepMCGenEvent;
namespace std{template <typename _T1, typename _T2> struct __attribute__((annotate("$clingAutoload$bits/stl_iterator.h")))  __attribute__((annotate("$clingAutoload$string")))  pair;
}
namespace std{template <class _CharT> struct __attribute__((annotate("$clingAutoload$bits/char_traits.h")))  __attribute__((annotate("$clingAutoload$string")))  char_traits;
}
namespace std{template <typename > class __attribute__((annotate("$clingAutoload$bits/memoryfwd.h")))  __attribute__((annotate("$clingAutoload$string")))  allocator;
}
namespace HepMC{class __attribute__((annotate("$clingAutoload$HepMC/GenParticle.h")))  __attribute__((annotate("$clingAutoload$HepMC/GenEvent.h")))  GenParticle;}
namespace HepMC{class __attribute__((annotate("$clingAutoload$HepMC/GenVertex.h")))  __attribute__((annotate("$clingAutoload$HepMC/GenEvent.h")))  GenVertex;}
namespace std{template <typename _Tp = void> struct __attribute__((annotate("$clingAutoload$bits/stl_function.h")))  __attribute__((annotate("$clingAutoload$string")))  greater;
}
namespace std{template <typename _Tp = void> struct __attribute__((annotate("$clingAutoload$bits/stl_function.h")))  __attribute__((annotate("$clingAutoload$string")))  less;
}
namespace HepMC{class __attribute__((annotate("$clingAutoload$HepMC/Flow.h")))  Flow;}
namespace HepMC{class __attribute__((annotate("$clingAutoload$HepMC/GenCrossSection.h")))  GenCrossSection;}
namespace HepMC{class __attribute__((annotate("$clingAutoload$HepMC/WeightContainer.h")))  __attribute__((annotate("$clingAutoload$HepMC/GenEvent.h")))  WeightContainer;}
namespace HepMC{class __attribute__((annotate("$clingAutoload$HepMC/SimpleVector.h")))  __attribute__((annotate("$clingAutoload$HepMC/GenEvent.h")))  FourVector;}
namespace HepMC{class __attribute__((annotate("$clingAutoload$HepMC/SimpleVector.h")))  __attribute__((annotate("$clingAutoload$HepMC/GenEvent.h")))  ThreeVector;}
namespace HepMC{class __attribute__((annotate("$clingAutoload$HepMC/Polarization.h")))  __attribute__((annotate("$clingAutoload$HepMC/GenEvent.h")))  Polarization;}
namespace HepMC{class __attribute__((annotate("$clingAutoload$HepMC/HeavyIon.h")))  __attribute__((annotate("$clingAutoload$HepMC/GenEvent.h")))  HeavyIon;}
namespace HepMC{class __attribute__((annotate("$clingAutoload$HepMC/PdfInfo.h")))  __attribute__((annotate("$clingAutoload$HepMC/GenEvent.h")))  PdfInfo;}
namespace HepMC{class __attribute__((annotate("$clingAutoload$HepMC/GenEvent.h")))  GenEvent;}
namespace HepMC{class __attribute__((annotate("$clingAutoload$HepMC/GenRanges.h")))  GenEventVertexRange;}
namespace HepMC{class __attribute__((annotate("$clingAutoload$HepMC/GenRanges.h")))  ConstGenEventVertexRange;}
namespace HepMC{class __attribute__((annotate("$clingAutoload$HepMC/GenRanges.h")))  GenEventParticleRange;}
namespace HepMC{class __attribute__((annotate("$clingAutoload$HepMC/GenRanges.h")))  ConstGenEventParticleRange;}
namespace HepMC{class __attribute__((annotate("$clingAutoload$HepMC/GenRanges.h")))  GenVertexParticleRange;}
namespace HepMC{class __attribute__((annotate("$clingAutoload$HepMC/GenRanges.h")))  GenParticleProductionRange;}
namespace HepMC{class __attribute__((annotate("$clingAutoload$HepMC/GenRanges.h")))  ConstGenParticleProductionRange;}
namespace HepMC{class __attribute__((annotate("$clingAutoload$HepMC/GenRanges.h")))  GenParticleEndRange;}
namespace HepMC{class __attribute__((annotate("$clingAutoload$HepMC/GenRanges.h")))  ConstGenParticleEndRange;}
namespace HepMC{class __attribute__((annotate("$clingAutoload$HepMC/IO_BaseClass.h")))  __attribute__((annotate("$clingAutoload$HepMC/IO_GenEvent.h")))  IO_BaseClass;}
namespace HepMC{class __attribute__((annotate("$clingAutoload$HepMC/IO_Exception.h")))  __attribute__((annotate("$clingAutoload$HepMC/IO_GenEvent.h")))  IO_Exception;}
namespace HepMC{class __attribute__((annotate("$clingAutoload$HepMC/IO_GenEvent.h")))  IO_GenEvent;}
namespace HepMC{class __attribute__((annotate("$clingAutoload$HepMC/IO_AsciiParticles.h")))  IO_AsciiParticles;}
namespace HepMC{class __attribute__((annotate("$clingAutoload$HepMC/StreamInfo.h")))  StreamInfo;}
namespace HepMC{class __attribute__((annotate("$clingAutoload$HepMC/TempParticleMap.h")))  TempParticleMap;}
class PHGenEvent;
class PHGenEventv1;
class PHGenEventList;
class PHGenEventListv1;
class PHHepMCGenEventMap;
'
Warning in <TInterpreter::TCling::RegisterModule>: Problems in compiling forward declarations for module PHGenIntegral_Dict: '
#line 1 "PHGenIntegral_Dict dictionary forward declarations' payload"
#pragma clang diagnostic ignored "-Wkeyword-compat"
#pragma clang diagnostic ignored "-Wignored-attributes"
#pragma clang diagnostic ignored "-Wreturn-type-c-linkage"
extern int __Cling_AutoLoading_Map;
class PHGenIntegral;
'
Warning in <TInterpreter::TCling::RegisterModule>: Problems in compiling forward declarations for module PHGenIntegralv1_Dict: '
#line 1 "PHGenIntegralv1_Dict dictionary forward declarations' payload"
#pragma clang diagnostic ignored "-Wkeyword-compat"
#pragma clang diagnostic ignored "-Wignored-attributes"
#pragma clang diagnostic ignored "-Wreturn-type-c-linkage"
extern int __Cling_AutoLoading_Map;
class PHGenIntegralv1;
'
Warning in <TInterpreter::TCling::RegisterModule>: Problems in compiling forward declarations for module VariableArrayDict: '
#line 1 "VariableArrayDict dictionary forward declarations' payload"
#pragma clang diagnostic ignored "-Wkeyword-compat"
#pragma clang diagnostic ignored "-Wignored-attributes"
#pragma clang diagnostic ignored "-Wreturn-type-c-linkage"
extern int __Cling_AutoLoading_Map;
class VariableArray;
class VariableArrayContainer;
'
Warning in <TInterpreter::TCling::RegisterModule>: Problems in compiling forward declarations for module PHFieldUtility_Dict: '
#line 1 "PHFieldUtility_Dict dictionary forward declarations' payload"
#pragma clang diagnostic ignored "-Wkeyword-compat"
#pragma clang diagnostic ignored "-Wignored-attributes"
#pragma clang diagnostic ignored "-Wreturn-type-c-linkage"
extern int __Cling_AutoLoading_Map;
class PHFieldUtility;
'
Warning in <TInterpreter::TCling::RegisterModule>: Problems in compiling forward declarations for module PHG4_Dict: '
#line 1 "PHG4_Dict dictionary forward declarations' payload"
#pragma clang diagnostic ignored "-Wkeyword-compat"
#pragma clang diagnostic ignored "-Wignored-attributes"
#pragma clang diagnostic ignored "-Wreturn-type-c-linkage"
extern int __Cling_AutoLoading_Map;
class HepMCNodeReader;
class PHG4ConsistencyCheck;
class PHG4HeadReco;
class PHG4InEventCompress;
class PHG4InEventReadBack;
class PHG4InputFilter;
class __attribute__((annotate("$clingAutoload$PHG4ParticleGeneratorBase.h")))  PHG4ParticleGeneratorBase;
class PHG4PileupGenerator;
class PHG4SimpleEventGenerator;
class SQCosmicGen;
class PHG4PSScanGenerator;
class PHG4ParticleGun;
class PHG4ParticleGenerator;
class PHG4ParticleGeneratorVectorMeson;
class PHG4ParticleGeneratorD0;
class PHG4Reco;
class PHG4Subsystem;
class PHG4TruthSubsystem;
class PHG4Utils;
'
Warning in <TInterpreter::TCling::RegisterModule>: Problems in compiling forward declarations for module PHG4Parameters_Dict: '
#line 1 "PHG4Parameters_Dict dictionary forward declarations' payload"
#pragma clang diagnostic ignored "-Wkeyword-compat"
#pragma clang diagnostic ignored "-Wignored-attributes"
#pragma clang diagnostic ignored "-Wreturn-type-c-linkage"
extern int __Cling_AutoLoading_Map;
class PHG4Parameters;
'
Warning in <TInterpreter::TCling::RegisterModule>: Problems in compiling forward declarations for module PHG4ParametersContainer_Dict: '
#line 1 "PHG4ParametersContainer_Dict dictionary forward declarations' payload"
#pragma clang diagnostic ignored "-Wkeyword-compat"
#pragma clang diagnostic ignored "-Wignored-attributes"
#pragma clang diagnostic ignored "-Wreturn-type-c-linkage"
extern int __Cling_AutoLoading_Map;
class PHG4ParametersContainer;
'
Warning in <TInterpreter::TCling::RegisterModule>: Problems in compiling forward declarations for module PHG4ParameterContainerInterface_Dict: '
#line 1 "PHG4ParameterContainerInterface_Dict dictionary forward declarations' payload"
#pragma clang diagnostic ignored "-Wkeyword-compat"
#pragma clang diagnostic ignored "-Wignored-attributes"
#pragma clang diagnostic ignored "-Wreturn-type-c-linkage"
extern int __Cling_AutoLoading_Map;
class PHG4ParameterContainerInterface;
'
Warning in <TInterpreter::TCling::RegisterModule>: Problems in compiling forward declarations for module PHG4ParameterInterface_Dict: '
#line 1 "PHG4ParameterInterface_Dict dictionary forward declarations' payload"
#pragma clang diagnostic ignored "-Wkeyword-compat"
#pragma clang diagnostic ignored "-Wignored-attributes"
#pragma clang diagnostic ignored "-Wreturn-type-c-linkage"
extern int __Cling_AutoLoading_Map;
class PHG4ParameterInterface;
'
Warning in <TInterpreter::TCling::RegisterModule>: Problems in compiling forward declarations for module PHG4BlockCellGeom_Dict: '
#line 1 "PHG4BlockCellGeom_Dict dictionary forward declarations' payload"
#pragma clang diagnostic ignored "-Wkeyword-compat"
#pragma clang diagnostic ignored "-Wignored-attributes"
#pragma clang diagnostic ignored "-Wreturn-type-c-linkage"
extern int __Cling_AutoLoading_Map;
class PHG4BlockCellGeom;
'
Warning in <TInterpreter::TCling::RegisterModule>: Problems in compiling forward declarations for module PHG4BlockCellGeomContainer_Dict: '
#line 1 "PHG4BlockCellGeomContainer_Dict dictionary forward declarations' payload"
#pragma clang diagnostic ignored "-Wkeyword-compat"
#pragma clang diagnostic ignored "-Wignored-attributes"
#pragma clang diagnostic ignored "-Wreturn-type-c-linkage"
extern int __Cling_AutoLoading_Map;
class PHG4BlockCellGeomContainer;
'
Warning in <TInterpreter::TCling::RegisterModule>: Problems in compiling forward declarations for module PHG4BlockGeom_Dict: '
#line 1 "PHG4BlockGeom_Dict dictionary forward declarations' payload"
#pragma clang diagnostic ignored "-Wkeyword-compat"
#pragma clang diagnostic ignored "-Wignored-attributes"
#pragma clang diagnostic ignored "-Wreturn-type-c-linkage"
extern int __Cling_AutoLoading_Map;
class PHG4BlockGeom;
'
Warning in <TInterpreter::TCling::RegisterModule>: Problems in compiling forward declarations for module PHG4BlockGeomv1_Dict: '
#line 1 "PHG4BlockGeomv1_Dict dictionary forward declarations' payload"
#pragma clang diagnostic ignored "-Wkeyword-compat"
#pragma clang diagnostic ignored "-Wignored-attributes"
#pragma clang diagnostic ignored "-Wreturn-type-c-linkage"
extern int __Cling_AutoLoading_Map;
class PHG4BlockGeomv1;
'
Warning in <TInterpreter::TCling::RegisterModule>: Problems in compiling forward declarations for module PHG4BlockGeomContainer_Dict: '
#line 1 "PHG4BlockGeomContainer_Dict dictionary forward declarations' payload"
#pragma clang diagnostic ignored "-Wkeyword-compat"
#pragma clang diagnostic ignored "-Wignored-attributes"
#pragma clang diagnostic ignored "-Wreturn-type-c-linkage"
extern int __Cling_AutoLoading_Map;
class PHG4BlockGeomContainer;
'
Warning in <TInterpreter::TCling::RegisterModule>: Problems in compiling forward declarations for module PHG4Cell_Dict: '
#line 1 "PHG4Cell_Dict dictionary forward declarations' payload"
#pragma clang diagnostic ignored "-Wkeyword-compat"
#pragma clang diagnostic ignored "-Wignored-attributes"
#pragma clang diagnostic ignored "-Wreturn-type-c-linkage"
extern int __Cling_AutoLoading_Map;
class PHG4Cell;
'
Warning in <TInterpreter::TCling::RegisterModule>: Problems in compiling forward declarations for module PHG4Cellv1_Dict: '
#line 1 "PHG4Cellv1_Dict dictionary forward declarations' payload"
#pragma clang diagnostic ignored "-Wkeyword-compat"
#pragma clang diagnostic ignored "-Wignored-attributes"
#pragma clang diagnostic ignored "-Wreturn-type-c-linkage"
extern int __Cling_AutoLoading_Map;
class PHG4Cellv1;
'
Warning in <TInterpreter::TCling::RegisterModule>: Problems in compiling forward declarations for module PHG4Cellv2_Dict: '
#line 1 "PHG4Cellv2_Dict dictionary forward declarations' payload"
#pragma clang diagnostic ignored "-Wkeyword-compat"
#pragma clang diagnostic ignored "-Wignored-attributes"
#pragma clang diagnostic ignored "-Wreturn-type-c-linkage"
extern int __Cling_AutoLoading_Map;
class PHG4Cellv2;
'
Warning in <TInterpreter::TCling::RegisterModule>: Problems in compiling forward declarations for module PHG4CellContainer_Dict: '
#line 1 "PHG4CellContainer_Dict dictionary forward declarations' payload"
#pragma clang diagnostic ignored "-Wkeyword-compat"
#pragma clang diagnostic ignored "-Wignored-attributes"
#pragma clang diagnostic ignored "-Wreturn-type-c-linkage"
extern int __Cling_AutoLoading_Map;
class PHG4CellContainer;
'
Warning in <TInterpreter::TCling::RegisterModule>: Problems in compiling forward declarations for module PHG4CellDefs_Dict: '
#line 1 "PHG4CellDefs_Dict dictionary forward declarations' payload"
#pragma clang diagnostic ignored "-Wkeyword-compat"
#pragma clang diagnostic ignored "-Wignored-attributes"
#pragma clang diagnostic ignored "-Wreturn-type-c-linkage"
extern int __Cling_AutoLoading_Map;
'
Warning in <TInterpreter::TCling::RegisterModule>: Problems in compiling forward declarations for module PHG4CylinderGeom_Dict: '
#line 1 "PHG4CylinderGeom_Dict dictionary forward declarations' payload"
#pragma clang diagnostic ignored "-Wkeyword-compat"
#pragma clang diagnostic ignored "-Wignored-attributes"
#pragma clang diagnostic ignored "-Wreturn-type-c-linkage"
extern int __Cling_AutoLoading_Map;
class PHG4CylinderGeom;
'
Warning in <TInterpreter::TCling::RegisterModule>: Problems in compiling forward declarations for module PHG4CylinderGeomv1_Dict: '
#line 1 "PHG4CylinderGeomv1_Dict dictionary forward declarations' payload"
#pragma clang diagnostic ignored "-Wkeyword-compat"
#pragma clang diagnostic ignored "-Wignored-attributes"
#pragma clang diagnostic ignored "-Wreturn-type-c-linkage"
extern int __Cling_AutoLoading_Map;
class PHG4CylinderGeomv1;
'
Warning in <TInterpreter::TCling::RegisterModule>: Problems in compiling forward declarations for module PHG4CylinderGeomv2_Dict: '
#line 1 "PHG4CylinderGeomv2_Dict dictionary forward declarations' payload"
#pragma clang diagnostic ignored "-Wkeyword-compat"
#pragma clang diagnostic ignored "-Wignored-attributes"
#pragma clang diagnostic ignored "-Wreturn-type-c-linkage"
extern int __Cling_AutoLoading_Map;
class PHG4CylinderGeomv2;
'
Warning in <TInterpreter::TCling::RegisterModule>: Problems in compiling forward declarations for module PHG4CylinderGeomv3_Dict: '
#line 1 "PHG4CylinderGeomv3_Dict dictionary forward declarations' payload"
#pragma clang diagnostic ignored "-Wkeyword-compat"
#pragma clang diagnostic ignored "-Wignored-attributes"
#pragma clang diagnostic ignored "-Wreturn-type-c-linkage"
extern int __Cling_AutoLoading_Map;
class PHG4CylinderGeomv3;
'
Warning in <TInterpreter::TCling::RegisterModule>: Problems in compiling forward declarations for module PHG4CylinderGeomv4_Dict: '
#line 1 "PHG4CylinderGeomv4_Dict dictionary forward declarations' payload"
#pragma clang diagnostic ignored "-Wkeyword-compat"
#pragma clang diagnostic ignored "-Wignored-attributes"
#pragma clang diagnostic ignored "-Wreturn-type-c-linkage"
extern int __Cling_AutoLoading_Map;
class PHG4CylinderGeomv4;
'
Warning in <TInterpreter::TCling::RegisterModule>: Problems in compiling forward declarations for module PHG4CylinderGeomContainer_Dict: '
#line 1 "PHG4CylinderGeomContainer_Dict dictionary forward declarations' payload"
#pragma clang diagnostic ignored "-Wkeyword-compat"
#pragma clang diagnostic ignored "-Wignored-attributes"
#pragma clang diagnostic ignored "-Wreturn-type-c-linkage"
extern int __Cling_AutoLoading_Map;
class PHG4CylinderGeomContainer;
'
Warning in <TInterpreter::TCling::RegisterModule>: Problems in compiling forward declarations for module PHG4CylinderCell_Dict: '
#line 1 "PHG4CylinderCell_Dict dictionary forward declarations' payload"
#pragma clang diagnostic ignored "-Wkeyword-compat"
#pragma clang diagnostic ignored "-Wignored-attributes"
#pragma clang diagnostic ignored "-Wreturn-type-c-linkage"
extern int __Cling_AutoLoading_Map;
class PHG4CylinderCell;
'
Warning in <TInterpreter::TCling::RegisterModule>: Problems in compiling forward declarations for module PHG4CylinderCellv1_Dict: '
#line 1 "PHG4CylinderCellv1_Dict dictionary forward declarations' payload"
#pragma clang diagnostic ignored "-Wkeyword-compat"
#pragma clang diagnostic ignored "-Wignored-attributes"
#pragma clang diagnostic ignored "-Wreturn-type-c-linkage"
extern int __Cling_AutoLoading_Map;
class PHG4CylinderCellv1;
'
Warning in <TInterpreter::TCling::RegisterModule>: Problems in compiling forward declarations for module PHG4CylinderCellv2_Dict: '
#line 1 "PHG4CylinderCellv2_Dict dictionary forward declarations' payload"
#pragma clang diagnostic ignored "-Wkeyword-compat"
#pragma clang diagnostic ignored "-Wignored-attributes"
#pragma clang diagnostic ignored "-Wreturn-type-c-linkage"
extern int __Cling_AutoLoading_Map;
class PHG4CylinderCellv2;
'
Warning in <TInterpreter::TCling::RegisterModule>: Problems in compiling forward declarations for module PHG4CylinderCellv3_Dict: '
#line 1 "PHG4CylinderCellv3_Dict dictionary forward declarations' payload"
#pragma clang diagnostic ignored "-Wkeyword-compat"
#pragma clang diagnostic ignored "-Wignored-attributes"
#pragma clang diagnostic ignored "-Wreturn-type-c-linkage"
extern int __Cling_AutoLoading_Map;
class PHG4CylinderCellv3;
'
Warning in <TInterpreter::TCling::RegisterModule>: Problems in compiling forward declarations for module PHG4CylinderCellContainer_Dict: '
#line 1 "PHG4CylinderCellContainer_Dict dictionary forward declarations' payload"
#pragma clang diagnostic ignored "-Wkeyword-compat"
#pragma clang diagnostic ignored "-Wignored-attributes"
#pragma clang diagnostic ignored "-Wreturn-type-c-linkage"
extern int __Cling_AutoLoading_Map;
class PHG4CylinderCellContainer;
'
Warning in <TInterpreter::TCling::RegisterModule>: Problems in compiling forward declarations for module PHG4CylinderCellGeom_Dict: '
#line 1 "PHG4CylinderCellGeom_Dict dictionary forward declarations' payload"
#pragma clang diagnostic ignored "-Wkeyword-compat"
#pragma clang diagnostic ignored "-Wignored-attributes"
#pragma clang diagnostic ignored "-Wreturn-type-c-linkage"
extern int __Cling_AutoLoading_Map;
class PHG4CylinderCellGeom;
'
Warning in <TInterpreter::TCling::RegisterModule>: Problems in compiling forward declarations for module PHG4CylinderCellGeomContainer_Dict: '
#line 1 "PHG4CylinderCellGeomContainer_Dict dictionary forward declarations' payload"
#pragma clang diagnostic ignored "-Wkeyword-compat"
#pragma clang diagnostic ignored "-Wignored-attributes"
#pragma clang diagnostic ignored "-Wreturn-type-c-linkage"
extern int __Cling_AutoLoading_Map;
class PHG4CylinderCellGeomContainer;
'
Warning in <TInterpreter::TCling::RegisterModule>: Problems in compiling forward declarations for module PHG4BlockCellReco_Dict: '
#line 1 "PHG4BlockCellReco_Dict dictionary forward declarations' payload"
#pragma clang diagnostic ignored "-Wkeyword-compat"
#pragma clang diagnostic ignored "-Wignored-attributes"
#pragma clang diagnostic ignored "-Wreturn-type-c-linkage"
extern int __Cling_AutoLoading_Map;
class PHG4BlockCellReco;
'
Warning in <TInterpreter::TCling::RegisterModule>: Problems in compiling forward declarations for module PHG4BlockSubsystem_Dict: '
#line 1 "PHG4BlockSubsystem_Dict dictionary forward declarations' payload"
#pragma clang diagnostic ignored "-Wkeyword-compat"
#pragma clang diagnostic ignored "-Wignored-attributes"
#pragma clang diagnostic ignored "-Wreturn-type-c-linkage"
extern int __Cling_AutoLoading_Map;
class PHG4BlockSubsystem;
'
Warning in <TInterpreter::TCling::RegisterModule>: Problems in compiling forward declarations for module SQDigitizer_Dict: '
#line 1 "SQDigitizer_Dict dictionary forward declarations' payload"
#pragma clang diagnostic ignored "-Wkeyword-compat"
#pragma clang diagnostic ignored "-Wignored-attributes"
#pragma clang diagnostic ignored "-Wreturn-type-c-linkage"
extern int __Cling_AutoLoading_Map;
class SQDigitizer;
'
Warning in <TInterpreter::TCling::RegisterModule>: Problems in compiling forward declarations for module SQChamberRealization_Dict: '
#line 1 "SQChamberRealization_Dict dictionary forward declarations' payload"
#pragma clang diagnostic ignored "-Wkeyword-compat"
#pragma clang diagnostic ignored "-Wignored-attributes"
#pragma clang diagnostic ignored "-Wreturn-type-c-linkage"
extern int __Cling_AutoLoading_Map;
class SQChamberRealization;
'
Warning in <TInterpreter::TCling::RegisterModule>: Problems in compiling forward declarations for module PHG4ConeSubsystem_Dict: '
#line 1 "PHG4ConeSubsystem_Dict dictionary forward declarations' payload"
#pragma clang diagnostic ignored "-Wkeyword-compat"
#pragma clang diagnostic ignored "-Wignored-attributes"
#pragma clang diagnostic ignored "-Wreturn-type-c-linkage"
extern int __Cling_AutoLoading_Map;
class PHG4ConeSubsystem;
'
Warning in <TInterpreter::TCling::RegisterModule>: Problems in compiling forward declarations for module PHG4CylinderSubsystem_Dict: '
#line 1 "PHG4CylinderSubsystem_Dict dictionary forward declarations' payload"
#pragma clang diagnostic ignored "-Wkeyword-compat"
#pragma clang diagnostic ignored "-Wignored-attributes"
#pragma clang diagnostic ignored "-Wreturn-type-c-linkage"
extern int __Cling_AutoLoading_Map;
class PHG4CylinderSubsystem;
'
Warning in <TInterpreter::TCling::RegisterModule>: Problems in compiling forward declarations for module PHG4CylinderCellReco_Dict: '
#line 1 "PHG4CylinderCellReco_Dict dictionary forward declarations' payload"
#pragma clang diagnostic ignored "-Wkeyword-compat"
#pragma clang diagnostic ignored "-Wignored-attributes"
#pragma clang diagnostic ignored "-Wreturn-type-c-linkage"
extern int __Cling_AutoLoading_Map;
class PHG4CylinderCellReco;
'
Warning in <TInterpreter::TCling::RegisterModule>: Problems in compiling forward declarations for module PHG4PolyconSubsystem_Dict: '
#line 1 "PHG4PolyconSubsystem_Dict dictionary forward declarations' payload"
#pragma clang diagnostic ignored "-Wkeyword-compat"
#pragma clang diagnostic ignored "-Wignored-attributes"
#pragma clang diagnostic ignored "-Wreturn-type-c-linkage"
extern int __Cling_AutoLoading_Map;
class PHG4PolyconSubsystem;
'
Warning in <TInterpreter::TCling::RegisterModule>: Problems in compiling forward declarations for module PHG4TargetCoilSubsystem_Dict: '
#line 1 "PHG4TargetCoilSubsystem_Dict dictionary forward declarations' payload"
#pragma clang diagnostic ignored "-Wkeyword-compat"
#pragma clang diagnostic ignored "-Wignored-attributes"
#pragma clang diagnostic ignored "-Wreturn-type-c-linkage"
extern int __Cling_AutoLoading_Map;
class PHG4TargetCoilSubsystem;
'
Warning in <TInterpreter::TCling::RegisterModule>: Problems in compiling forward declarations for module PHG4TargetCoilV2Subsystem_Dict: '
#line 1 "PHG4TargetCoilV2Subsystem_Dict dictionary forward declarations' payload"
#pragma clang diagnostic ignored "-Wkeyword-compat"
#pragma clang diagnostic ignored "-Wignored-attributes"
#pragma clang diagnostic ignored "-Wreturn-type-c-linkage"
extern int __Cling_AutoLoading_Map;
class PHG4TargetCoilV2Subsystem;
'
Warning in <TInterpreter::TCling::RegisterModule>: Problems in compiling forward declarations for module PHG4BNLTargetCoilSubsystem_Dict: '
#line 1 "PHG4BNLTargetCoilSubsystem_Dict dictionary forward declarations' payload"
#pragma clang diagnostic ignored "-Wkeyword-compat"
#pragma clang diagnostic ignored "-Wignored-attributes"
#pragma clang diagnostic ignored "-Wreturn-type-c-linkage"
extern int __Cling_AutoLoading_Map;
class PHG4BNLTargetCoilSubsystem;
'
Warning in <TInterpreter::TCling::RegisterModule>: Problems in compiling forward declarations for module PHG4CollimatorSubsystem_Dict: '
#line 1 "PHG4CollimatorSubsystem_Dict dictionary forward declarations' payload"
#pragma clang diagnostic ignored "-Wkeyword-compat"
#pragma clang diagnostic ignored "-Wignored-attributes"
#pragma clang diagnostic ignored "-Wreturn-type-c-linkage"
extern int __Cling_AutoLoading_Map;
class PHG4CollimatorSubsystem;
'
Warning in <TInterpreter::TCling::RegisterModule>: Problems in compiling forward declarations for module SQG4DipoleMagnetSubsystem_Dict: '
#line 1 "SQG4DipoleMagnetSubsystem_Dict dictionary forward declarations' payload"
#pragma clang diagnostic ignored "-Wkeyword-compat"
#pragma clang diagnostic ignored "-Wignored-attributes"
#pragma clang diagnostic ignored "-Wreturn-type-c-linkage"
extern int __Cling_AutoLoading_Map;
class SQG4DipoleMagnetSubsystem;
'
Warning in <TInterpreter::TCling::RegisterModule>: Problems in compiling forward declarations for module PHG4EMCalSubsystem_Dict: '
#line 1 "PHG4EMCalSubsystem_Dict dictionary forward declarations' payload"
#pragma clang diagnostic ignored "-Wkeyword-compat"
#pragma clang diagnostic ignored "-Wignored-attributes"
#pragma clang diagnostic ignored "-Wreturn-type-c-linkage"
extern int __Cling_AutoLoading_Map;
class PHG4EMCalSubsystem;
'
Warning in <TInterpreter::TCling::RegisterModule>: Problems in compiling forward declarations for module PHG4SquareTubeSubsystem_Dict: '
#line 1 "PHG4SquareTubeSubsystem_Dict dictionary forward declarations' payload"
#pragma clang diagnostic ignored "-Wkeyword-compat"
#pragma clang diagnostic ignored "-Wignored-attributes"
#pragma clang diagnostic ignored "-Wreturn-type-c-linkage"
extern int __Cling_AutoLoading_Map;
class PHG4SquareTubeSubsystem;
'
Warning in <TInterpreter::TCling::RegisterModule>: Problems in compiling forward declarations for module PHG4DetectorGroupSubsystem_Dict: '
#line 1 "PHG4DetectorGroupSubsystem_Dict dictionary forward declarations' payload"
#pragma clang diagnostic ignored "-Wkeyword-compat"
#pragma clang diagnostic ignored "-Wignored-attributes"
#pragma clang diagnostic ignored "-Wreturn-type-c-linkage"
extern int __Cling_AutoLoading_Map;
class PHG4DetectorGroupSubsystem;
'
Warning in <TInterpreter::TCling::RegisterModule>: Problems in compiling forward declarations for module PHG4DetectorSubsystem_Dict: '
#line 1 "PHG4DetectorSubsystem_Dict dictionary forward declarations' payload"
#pragma clang diagnostic ignored "-Wkeyword-compat"
#pragma clang diagnostic ignored "-Wignored-attributes"
#pragma clang diagnostic ignored "-Wreturn-type-c-linkage"
extern int __Cling_AutoLoading_Map;
class PHG4DetectorSubsystem;
'
Warning in <TInterpreter::TCling::RegisterModule>: Problems in compiling forward declarations for module PHG4GenHit_Dict: '
#line 1 "PHG4GenHit_Dict dictionary forward declarations' payload"
#pragma clang diagnostic ignored "-Wkeyword-compat"
#pragma clang diagnostic ignored "-Wignored-attributes"
#pragma clang diagnostic ignored "-Wreturn-type-c-linkage"
extern int __Cling_AutoLoading_Map;
class PHG4GenHit;
'
Warning in <TInterpreter::TCling::RegisterModule>: Problems in compiling forward declarations for module PHG4DSTReader_Dict: '
#line 1 "PHG4DSTReader_Dict dictionary forward declarations' payload"
#pragma clang diagnostic ignored "-Wkeyword-compat"
#pragma clang diagnostic ignored "-Wignored-attributes"
#pragma clang diagnostic ignored "-Wreturn-type-c-linkage"
extern int __Cling_AutoLoading_Map;
class PHG4DSTReader;
'
Fatal glibc error: malloc.c:2492 (sysmalloc): assertion failed: (old_top == initial_top (av) && old_size == 0) || ((unsigned long) (old_size) >= MINSIZE && prev_inuse (old_top) && ((unsigned long) old_end & (pagesize - 1)) == 0)
